04.10. 17:31:26.942    ***Logfile for CnCNet Client client***
04.10. 17:31:26.944    Client version: 2.12.18.0
04.10. 17:31:26.944    2.12.18+Branch.tags-2.12.18.Sha.1634f18fd56a8d74e4cbec89f9f6408f0a06d4d0
04.10. 17:31:26.954    Loading settings.
04.10. 17:31:26.986    Failed to load a translation file. Neither C:\Users\Admin\Documents\GitHub\YRCE-REDUX-repository\Resources\Translations\en\ThemeDefault\Translation.ini nor C:\Users\Admin\Documents\GitHub\YRCE-REDUX-repository\Resources\Translations\en\Translation.ini exist.
04.10. 17:31:26.986    Loaded translation: English
04.10. 17:31:27.002    Initializing updater.
04.10. 17:31:27.022    Updater: Initializing updater.
04.10. 17:31:27.026    Warning: No download mirrors found in updater config file or the built-in game info.
04.10. 17:31:27.026    Updater: Update mirror count: 0
04.10. 17:31:27.026    Updater: Running from: clientdx.exe
04.10. 17:31:27.027    OSDescription: Microsoft Windows 10.0.26200 
04.10. 17:31:27.028    OSArchitecture: X64
04.10. 17:31:27.028    ProcessArchitecture: X64
04.10. 17:31:27.028    FrameworkDescription: .NET Framework 4.8.9345.0
04.10. 17:31:27.028    Selected OS profile: WIN810
04.10. 17:31:27.029    Current culture: en-US
04.10. 17:31:27.033    Removing partial custom component downloads.
04.10. 17:31:27.033    Checking for the existence of FinalSun.ini.
04.10. 17:31:27.034    FinalSun settings file exists.
04.10. 17:31:27.044    Writing installation path to the Windows registry.
04.10. 17:31:27.048    Starting background processing of INI files.
04.10. 17:31:27.048    /INI/Base does not exist, skipping background processing of INI files.
04.10. 17:31:27.182    Steam init called
04.10. 17:31:27.345    Steam init failed: SteamApi_Init failed with FailedGeneric - error: ConnectToGlobalUser failed.
04.10. 17:31:27.622    Initializing GameClass.
04.10. 17:31:27.797    Initialize WinFormsIMEHandler.
04.10. 17:31:27.802    InitGraphicsMode: 1366x800
04.10. 17:31:27.826    Setting render resolution to 1366x800. Integer scaling: False
04.10. 17:31:28.185    Hardware info: AMD Ryzen 7 7735HS with Radeon Graphics (8 cores) | Video controller: AMD Radeon(TM) Graphics | Total physical memory: 16GB
04.10. 17:31:28.706    MapFileWatcher: Started watching C:\Users\Admin\Documents\GitHub\YRCE-REDUX-repository\Maps\Custom\ for *.map files
04.10. 17:31:28.707    Loading maps from C:\Users\Admin\Documents\GitHub\YRCE-REDUX-repository\INI\MPMaps.ini.
04.10. 17:31:29.243    AssetLoader.LoadSound: Sound not found! MainMenu/button.wav
04.10. 17:31:29.244    AssetLoader.LoadSound: Sound not found! MainMenu/button.wav
04.10. 17:31:29.245    AssetLoader.LoadSound: Sound not found! MainMenu/button.wav
04.10. 17:31:29.246    AssetLoader.LoadSound: Sound not found! MainMenu/button.wav
04.10. 17:31:29.246    AssetLoader.LoadSound: Sound not found! MainMenu/button.wav
04.10. 17:31:29.247    AssetLoader.LoadSound: Sound not found! MainMenu/button.wav
04.10. 17:31:29.248    AssetLoader.LoadSound: Sound not found! MainMenu/button.wav
04.10. 17:31:29.249    AssetLoader.LoadSound: Sound not found! MainMenu/button.wav
04.10. 17:31:29.252    AssetLoader.LoadSound: Sound not found! MainMenu/button.wav
04.10. 17:31:29.253    AssetLoader.LoadSound: Sound not found! MainMenu/button.wav
04.10. 17:31:29.254    AssetLoader.LoadSound: Sound not found! MainMenu/button.wav
04.10. 17:31:29.831    Reading statistics.
04.10. 17:31:30.051    AssetLoader.LoadSound: Sound not found! getready.wav
04.10. 17:31:30.108    AssetLoader.LoadSound: Sound not found! getready.wav
04.10. 17:31:30.109    AssetLoader.LoadSound: Sound not found! return.wav
04.10. 17:31:30.220    Setting delay to 1374ms for 0
04.10. 17:31:30.304    AssetLoader.LoadSound: Sound not found! getready.wav
04.10. 17:31:30.304    AssetLoader.LoadSound: Sound not found! return.wav
04.10. 17:31:30.322    AssetLoader.LoadSound: Sound not found! getready.wav
04.10. 17:31:30.365    Attempting to parse INI/Battle.ini to populate mission list.
04.10. 17:31:30.369    Finished parsing INI/Battle.ini.
04.10. 17:31:30.606    Checking compatibility settings for executables: C:\Users\Admin\Documents\GitHub\YRCE-REDUX-repository\Resources\clientdx.exe
04.10. 17:31:33.356    Writing spawn.ini
04.10. 17:31:33.368    Writing map.
04.10. 17:31:33.368    Loading map INI from C:\Users\Admin\Documents\GitHub\YRCE-REDUX-repository\Maps\Standard\xgrinder.map
04.10. 17:31:33.389    About to launch main game executable.
04.10. 17:31:33.402    Writing settings INI.
04.10. 17:31:33.404    Windowed mode is enabled - using QRes.
04.10. 17:31:33.404    Launch executable: qres.dat
04.10. 17:31:33.404    Launch arguments: c=16 /R "C:\Users\Admin\Documents\GitHub\YRCE-REDUX-repository\syringe.exe" "gamemd.exe" -SPAWN syringe.exe gamemd.exe --args="-SPAWN -LOG -CD -Inheritance -Include"
04.10. 17:31:33.435    Waiting for qres.dat or syringe.exe to exit.
04.10. 19:51:58.056    GameProcessLogic: Process exited.
04.10. 19:51:58.217    GameProcessExited: Parsing statistics.
04.10. 19:51:58.217    Parsing game statistics.
04.10. 19:51:58.219    Attempting to read statistics from debug/debug.log
04.10. 19:51:58.220    GameProcessExited: Adding match to statistics.
04.10. 19:51:58.221    Skipping adding match to statistics because game only had one player.
