[17:31:33] SyringeEx 0.1.0.2, based on Syringe 0.7.2.0
[17:31:33] ===============

[17:31:33] WinMain: arguments = "gamemd.exe -SPAWN syringe.exe gamemd.exe --args=-SPAWN -LOG -CD -Inheritance -Include"
[17:31:33] WinMain: Trying to load executable file "gamemd.exe"...

[17:31:33] SyringeDebugger::SyringeDebugger: Unknown flag "-SPAWN", skipping.
[17:31:33] SyringeDebugger::SyringeDebugger: Unknown flag "syringe.exe", skipping.
[17:31:33] SyringeDebugger::SyringeDebugger: Unknown flag "gamemd.exe", skipping.
[17:31:33] SyringeDebugger::RetrieveInfo: Retrieving info from the executable file...
[17:31:33] SyringeDebugger::RetrieveInfo: Executable information successfully retrieved.
[17:31:33] 	exe = gamemd.exe
[17:31:33] 	pImLoadLibrary = 0x007E1220
[17:31:33] 	pImGetProcAddress = 0x007E1250
[17:31:33] 	pcEntryPoint = 0x007CD80F
[17:31:33] 	dwExeSize = 0x00497110
[17:31:33] 	dwExeCRC = 0xDD7B8461
[17:31:33] 	dwTimestamp = 0x3BDF544E

[17:31:33] SyringeDebugger::RetrieveInfo: Opening gamemd.exe to determine imports.
[17:31:33] WinMain: SyringeDebugger::FindDLLs();

[17:31:33] SyringeDebugger::FindDLLs: Searching for DLLs matching "*.dll"...
[17:31:33] SyringeDebugger::FindDLLs: Recognized DLL: "Ares.dll"
[17:31:33] SyringeDebugger::Handshake: Skipping handshake for DLL: "Ares.dll"
[17:31:33] SyringeDebugger::FindDLLs: Recognized DLL: "cncnet5.dll"
[17:31:33] SyringeDebugger::Handshake: Skipping handshake for DLL: "cncnet5.dll"
[17:31:33] SyringeDebugger::FindDLLs: Recognized DLL: "Phobos.dll"
[17:31:33] SyringeDebugger::Handshake: Skipping handshake for DLL: "Phobos.dll"
[17:31:33] SyringeDebugger::FindDLLs: Done (3122 hooks added).
[17:31:33] SyringeDebugger::FindDLLs: 9 feature flag entries prepared.

[17:31:33] WinMain: SyringeDebugger::Run("-SPAWN -LOG -CD -Inheritance -Include");

[17:31:33] SyringeDebugger::Run: Running process to debug. cmd = "gamemd.exe -SPAWN -LOG -CD -Inheritance -Include"
[17:31:33] SyringeDebugger::Run: Allocating 0x580 bytes...
[17:31:33] SyringeDebugger::Run: pAlloc = 0x001D0000
[17:31:33] SyringeDebugger::Run: Writing DLL loader & caller code...
[17:31:33] SyringeDebugger::Run: pcLoadLibrary = 0x001D0000
[17:31:33] SyringeDebugger::Run: Entering debug loop...
[17:31:33] SyringeDebugger::HandleException: Could not retrieve ProcAddress for: cncnet5.dll - MZê
[17:31:35] SyringeDebugger::HandleException: Finished retrieving proc addresses.
[17:31:35] SyringeDebugger::HandleException: Starting feature flags resolution...
[17:31:35] SyringeDebugger::HandleException: Feature flag "ESPModification" not exported by "cncnet5.dll", skipping.
[17:31:35] SyringeDebugger::HandleException: Feature flag "ZFPreservation" not exported by "cncnet5.dll", skipping.
[17:31:35] SyringeDebugger::HandleException: Feature flag "ReladdrInstructionFixup" not exported by "cncnet5.dll", skipping.
[17:31:35] SyringeDebugger::HandleException: Feature flag "ESPModification" not exported by "Ares.dll", skipping.
[17:31:35] SyringeDebugger::HandleException: Feature flag "ZFPreservation" not exported by "Ares.dll", skipping.
[17:31:35] SyringeDebugger::HandleException: Feature flag "ReladdrInstructionFixup" not exported by "Ares.dll", skipping.
[17:31:35] SyringeDebugger::HandleException: Set feature flag "ESPModification" in "Phobos.dll" at 0x58C7A2D0
[17:31:35] SyringeDebugger::HandleException: Set feature flag "ZFPreservation" in "Phobos.dll" at 0x58C7A2D1
[17:31:35] SyringeDebugger::HandleException: Set feature flag "ReladdrInstructionFixup" in "Phobos.dll" at 0x58C7A2D2
[17:31:35] SyringeDebugger::HandleException: Finished setting feature flags.
[17:31:35] SyringeDebugger::HandleException: Creating code hooks.
[17:31:35] SyringeDebugger::RebuildInstructions: Failed to decode instruction at 0x00416C4E, copying remaining 4 bytes verbatim. This could mean there is a faulty return 0 hook at 0x00416C4D.
[17:31:35] SyringeDebugger::RebuildInstructions: Failed to decode instruction at 0x00423857, copying remaining 5 bytes verbatim. This could mean there is a faulty return 0 hook at 0x00423855.
[17:31:35] SyringeDebugger::RebuildInstructions: Failed to decode instruction at 0x004400FF, copying remaining 1 bytes verbatim. This could mean there is a faulty return 0 hook at 0x004400F9.
[17:31:35] SyringeDebugger::RebuildInstructions: Failed to decode instruction at 0x00447A63, copying remaining 3 bytes verbatim. This could mean there is a faulty return 0 hook at 0x00447A63.
[17:31:35] SyringeDebugger::RebuildInstructions: Failed to decode instruction at 0x0044D4D2, copying remaining 1 bytes verbatim. This could mean there is a faulty return 0 hook at 0x0044D4CA.
[17:31:35] SyringeDebugger::RebuildInstructions: Failed to decode instruction at 0x00469364, copying remaining 5 bytes verbatim. This could mean there is a faulty return 0 hook at 0x00469363.
[17:31:35] SyringeDebugger::RebuildInstructions: Failed to decode instruction at 0x004C26D3, copying remaining 1 bytes verbatim. This could mean there is a faulty return 0 hook at 0x004C26CF.
[17:31:35] SyringeDebugger::RebuildInstructions: Failed to decode instruction at 0x0051E5C0, copying remaining 2 bytes verbatim. This could mean there is a faulty return 0 hook at 0x0051E5BB.
[17:31:35] SyringeDebugger::RebuildInstructions: Failed to decode instruction at 0x0051F716, copying remaining 5 bytes verbatim. This could mean there is a faulty return 0 hook at 0x0051F716.
[17:31:35] SyringeDebugger::RebuildInstructions: Failed to decode instruction at 0x00520731, copying remaining 5 bytes verbatim. This could mean there is a faulty return 0 hook at 0x00520731.
[17:31:35] SyringeDebugger::RebuildInstructions: Failed to decode instruction at 0x00603A33, copying remaining 1 bytes verbatim. This could mean there is a faulty return 0 hook at 0x00603A2E.
[17:31:35] SyringeDebugger::RebuildInstructions: Failed to decode instruction at 0x0069B6A0, copying remaining 1 bytes verbatim. This could mean there is a faulty return 0 hook at 0x0069B69B.
[17:31:35] SyringeDebugger::RebuildInstructions: Failed to decode instruction at 0x0069B804, copying remaining 1 bytes verbatim. This could mean there is a faulty return 0 hook at 0x0069B7FF.
[17:31:35] SyringeDebugger::RebuildInstructions: Failed to decode instruction at 0x006A84DE, copying remaining 2 bytes verbatim. This could mean there is a faulty return 0 hook at 0x006A84DB.
[17:31:35] SyringeDebugger::RebuildInstructions: Failed to decode instruction at 0x006A86F0, copying remaining 2 bytes verbatim. This could mean there is a faulty return 0 hook at 0x006A86ED.
[17:31:35] SyringeDebugger::RebuildInstructions: Failed to decode instruction at 0x006FD4F3, copying remaining 1 bytes verbatim. This could mean there is a faulty return 0 hook at 0x006FD4ED.
[17:31:35] SyringeDebugger::RebuildInstructions: Failed to decode instruction at 0x006FE3FA, copying remaining 2 bytes verbatim. This could mean there is a faulty return 0 hook at 0x006FE3F1.
[17:31:35] SyringeDebugger::RebuildInstructions: Failed to decode instruction at 0x006FE42A, copying remaining 2 bytes verbatim. This could mean there is a faulty return 0 hook at 0x006FE421.
[17:31:35] SyringeDebugger::RebuildInstructions: Failed to decode instruction at 0x006FFFA5, copying remaining 1 bytes verbatim. This could mean there is a faulty return 0 hook at 0x006FFF9E.
[17:31:35] SyringeDebugger::RebuildInstructions: Failed to decode instruction at 0x0073FDC1, copying remaining 1 bytes verbatim. This could mean there is a faulty return 0 hook at 0x0073FDBD.
[17:31:35] SyringeDebugger::RebuildInstructions: Failed to decode instruction at 0x00747BD1, copying remaining 3 bytes verbatim. This could mean there is a faulty return 0 hook at 0x00747BCF.
